./bin/server -b 2> /dev/null
######### Benchmark (960x540) with 1 threads #########
[Scalar] Time: 6.2882 seconds | FPS: 0.16
[SIMD] Time: 1.7779 seconds | FPS: 0.56
######### ###################################
######### Benchmark (960x540) with 2 threads #########
[Scalar] Time: 3.2891 seconds | FPS: 0.30
[SIMD] Time: 0.8941 seconds | FPS: 1.12
######### ###################################
######### Benchmark (960x540) with 4 threads #########
[Scalar] Time: 1.7862 seconds | FPS: 0.56
[SIMD] Time: 0.5049 seconds | FPS: 1.98
######### ###################################
######### Benchmark (960x540) with 6 threads #########
[Scalar] Time: 1.2214 seconds | FPS: 0.82
[SIMD] Time: 0.3680 seconds | FPS: 2.72
######### ###################################
######### Benchmark (960x540) with 8 threads #########
[Scalar] Time: 1.0970 seconds | FPS: 0.91
[SIMD] Time: 0.2936 seconds | FPS: 3.41
######### ###################################
######### Benchmark (960x540) with 10 threads #########
[Scalar] Time: 1.0783 seconds | FPS: 0.93
[SIMD] Time: 0.3129 seconds | FPS: 3.20
######### ###################################
######### Benchmark (960x540) with 12 threads #########
[Scalar] Time: 0.9696 seconds | FPS: 1.03
[SIMD] Time: 0.2953 seconds | FPS: 3.39
######### ###################################
######### Benchmark (1920x1080) with 1 threads #########
[Scalar] Time: 24.9635 seconds | FPS: 0.04
[SIMD] Time: 6.8155 seconds | FPS: 0.15
######### ###################################
######### Benchmark (1920x1080) with 2 threads #########
[Scalar] Time: 13.0172 seconds | FPS: 0.08
[SIMD] Time: 3.5597 seconds | FPS: 0.28
######### ###################################
######### Benchmark (1920x1080) with 4 threads #########
[Scalar] Time: 6.8882 seconds | FPS: 0.15
[SIMD] Time: 2.0152 seconds | FPS: 0.50
######### ###################################
######### Benchmark (1920x1080) with 6 threads #########
[Scalar] Time: 4.8617 seconds | FPS: 0.21
[SIMD] Time: 1.4509 seconds | FPS: 0.69
######### ###################################
######### Benchmark (1920x1080) with 8 threads #########
[Scalar] Time: 4.2544 seconds | FPS: 0.24
[SIMD] Time: 1.2462 seconds | FPS: 0.80
######### ###################################
######### Benchmark (1920x1080) with 10 threads #########
[Scalar] Time: 3.4350 seconds | FPS: 0.29
[SIMD] Time: 1.0509 seconds | FPS: 0.95
######### ###################################
######### Benchmark (1920x1080) with 12 threads #########
[Scalar] Time: 2.9220 seconds | FPS: 0.34
[SIMD] Time: 0.8601 seconds | FPS: 1.16
######### ###################################
######### Benchmark (3840x2160) with 1 threads #########
[Scalar] Time: 99.4353 seconds | FPS: 0.01
[SIMD] Time: 27.1552 seconds | FPS: 0.04
######### ###################################
######### Benchmark (3840x2160) with 2 threads #########
[Scalar] Time: 51.2723 seconds | FPS: 0.02
[SIMD] Time: 14.0617 seconds | FPS: 0.07
######### ###################################
######### Benchmark (3840x2160) with 4 threads #########
[Scalar] Time: 27.1189 seconds | FPS: 0.04
[SIMD] Time: 7.4890 seconds | FPS: 0.13
######### ###################################
######### Benchmark (3840x2160) with 6 threads #########
[Scalar] Time: 19.2601 seconds | FPS: 0.05
[SIMD] Time: 5.7906 seconds | FPS: 0.17
######### ###################################
######### Benchmark (3840x2160) with 8 threads #########
[Scalar] Time: 16.6112 seconds | FPS: 0.06
[SIMD] Time: 4.9831 seconds | FPS: 0.20
######### ###################################
######### Benchmark (3840x2160) with 10 threads #########
[Scalar] Time: 12.6288 seconds | FPS: 0.08
[SIMD] Time: 3.8452 seconds | FPS: 0.26
######### ###################################
######### Benchmark (3840x2160) with 12 threads #########
[Scalar] Time: 11.7867 seconds | FPS: 0.08
[SIMD] Time: 3.4730 seconds | FPS: 0.29
######### ###################################
######### GPU Benchmark (960x540) #########
[Intel GPU] Time: 0.1671 seconds | FPS: 5.98
[NVIDIA GPU] Time: 0.0105 seconds | FPS: 95.41
######### ###################################
######### GPU Benchmark (1920x1080) #########
[Intel GPU] Time: 0.0499 seconds | FPS: 20.04
[NVIDIA GPU] Time: 0.0179 seconds | FPS: 55.92
######### ###################################
######### GPU Benchmark (3840x2160) #########
[Intel GPU] Time: 0.1223 seconds | FPS: 8.17
[NVIDIA GPU] Time: 0.0439 seconds | FPS: 22.76
######### ###################################
./bin/server -b 2> /dev/null
######### GPU Benchmark (960x540) #########
[Intel GPU] Time: 0.1229 seconds | FPS: 8.14
[NVIDIA GPU] Time: 0.0107 seconds | FPS: 93.12
######### ###################################
######### GPU Benchmark (1920x1080) #########
[Intel GPU] Time: 0.0505 seconds | FPS: 19.80
[NVIDIA GPU] Time: 0.0148 seconds | FPS: 67.73
######### ###################################
######### GPU Benchmark (3840x2160) #########
[Intel GPU] Time: 0.1048 seconds | FPS: 9.54
[NVIDIA GPU] Time: 0.0428 seconds | FPS: 23.39
######### ###################################
./bin/server -b 2> /dev/null
######### GPU Benchmark (960x540) #########
[Intel GPU] Time: 0.1196 seconds | FPS: 8.36
[NVIDIA GPU] Time: 0.0110 seconds | FPS: 91.24
######### ###################################
######### GPU Benchmark (1920x1080) #########
[Intel GPU] Time: 0.0534 seconds | FPS: 18.74
[NVIDIA GPU] Time: 0.0152 seconds | FPS: 65.66
######### ###################################
######### GPU Benchmark (3840x2160) #########
[Intel GPU] Time: 0.1084 seconds | FPS: 9.23
[NVIDIA GPU] Time: 0.0426 seconds | FPS: 23.46
######### ###################################
./bin/server -b 2> /dev/null
######### GPU Benchmark (960x540) #########
[Intel GPU] Time: 0.1628 seconds | FPS: 6.14
[NVIDIA GPU] Time: 0.0105 seconds | FPS: 95.44
######### ###################################
######### GPU Benchmark (1920x1080) #########
[Intel GPU] Time: 0.0499 seconds | FPS: 20.05
[NVIDIA GPU] Time: 0.0153 seconds | FPS: 65.44
######### ###################################
######### GPU Benchmark (3840x2160) #########
[Intel GPU] Time: 0.1060 seconds | FPS: 9.43
[NVIDIA GPU] Time: 0.0421 seconds | FPS: 23.74
######### ###################################
./bin/server -b 2> /dev/null
######### GPU Benchmark (960x540) #########
[Intel GPU] Time: 0.1217 seconds | FPS: 8.22
[NVIDIA GPU] Time: 0.0108 seconds | FPS: 92.68
######### ###################################
######### GPU Benchmark (1920x1080) #########
[Intel GPU] Time: 0.0527 seconds | FPS: 18.99
[NVIDIA GPU] Time: 0.0149 seconds | FPS: 67.30
######### ###################################
######### GPU Benchmark (3840x2160) #########
[Intel GPU] Time: 0.1101 seconds | FPS: 9.08
[NVIDIA GPU] Time: 0.0424 seconds | FPS: 23.60
######### ###################################
